../Core/Src/SSD1306.c:54:16:platform_write	32	static
../Core/Src/SSD1306.c:60:16:platform_write_dma	24	static
../Core/Src/SSD1306.c:66:13:SSD1306_send_com	16	static
../Core/Src/SSD1306.c:71:6:SSD1306_init	16	static
../Core/Src/SSD1306.c:154:6:SSD1306_draw_pixel	24	static
../Core/Src/SSD1306.c:197:6:SSD1306_display_clear	8	static
../Core/Src/SSD1306.c:218:6:SSD1306_draw_fast_hline	32	static
../Core/Src/SSD1306.c:256:6:SSD1306_draw_fast_hline_internal	24	static
../Core/Src/SSD1306.c:318:6:SSD1306_draw_fast_vline	32	static
../Core/Src/SSD1306.c:355:6:SSD1306_draw_fast_vline_internal	32	static
../Core/Src/SSD1306.c:483:6:SSD1306_get_pixel	16	static
../Core/Src/SSD1306.c:514:10:SSD1306_get_buffer	4	static
../Core/Src/SSD1306.c:526:6:SSD1306_display_repaint	16	static
../Core/Src/SSD1306.c:550:6:SSD1306_start_scroll_right	16	static
../Core/Src/SSD1306.c:573:6:SSD1306_start_scroll_left	16	static
../Core/Src/SSD1306.c:596:6:SSD1306_start_scroll_diagright	16	static
../Core/Src/SSD1306.c:622:6:SSD1306_start_scroll_diagleft	16	static
../Core/Src/SSD1306.c:643:6:SSD1306_stop_scroll	8	static
../Core/Src/SSD1306.c:661:6:SSD1306_display_invert	16	static
../Core/Src/SSD1306.c:674:6:SSD1306_set_contrast	16	static
../Core/Src/SSD1306.c:684:6:SSD1306_set_rotation	16	static
../Core/Src/SSD1306.c:689:9:SSD1306_get_rotation	4	static
